// Vitest Snapshot v1, https://vitest.dev/guide/snapshot.html

exports[`AppTextAreaField.vue > applies custom props and classes correctly 1`] = `
"<div class="mb-2.5 w-full">
  <div class="relative"><label class="block tracking-wide text-primary text-anchor font-medium mt-0 mb-1" for="test-id"><span class="text-ellipsis">Test Label</span><span class="whitespace-nowrap ml-1">*</span></label><textarea type="email" class="appearance-none block w-full py-[15px] px-5 font-inherit font-light text-input text-primary bg-white border outline-0 transition-colors focus:bg-fairy placeholder:text-grey-40 disabled:cursor-not-allowed border-danger" id="test-id" required="" name="test-name" disabled="" autocomplete="off"></textarea></div>
  <div role="alert" class="text-xs mt-0.5 text-danger italic">Helper Text</div>
</div>"
`;

exports[`AppTextAreaField.vue > renders textarea element with default props 1`] = `
"<div class="mb-2.5 w-full">
  <div class="relative">
    <!--v-if--><textarea class="appearance-none block w-full py-[15px] px-5 font-inherit font-light text-input text-primary bg-white border outline-0 transition-colors focus:bg-fairy placeholder:text-grey-40 disabled:cursor-not-allowed border-grey-60" autocomplete="off"></textarea>
  </div>
  <!--v-if-->
</div>"
`;
